(node:31788) ExperimentalWarning: VM Modules is an experimental feature and might change at any time
(Use `node --trace-warnings ...` to show where the warning was created)
(node:29332) ExperimentalWarning: VM Modules is an experimental feature and might change at any time
(Use `node --trace-warnings ...` to show where the warning was created)
PASS tests/unit/tool-manager.test.ts
  ToolManager
    √ should create pending call (9 ms)
    √ should approve and complete call (1 ms)
    √ should reject call (1 ms)
    √ should auto execute readonly tools in manual mode (1 ms)
    √ should auto execute all tools in auto mode
    √ should get all calls with limit and status filter (1 ms)
    √ should clear history while keeping pending (1 ms)
    √ should return singleton from getToolManager

(node:31884) ExperimentalWarning: VM Modules is an experimental feature and might change at any time
(Use `node --trace-warnings ...` to show where the warning was created)
PASS tests/unit/sm2.test.ts
  SM-2 Algorithm
    √ should reset card on grade 1 (forget) (8 ms)
    √ should set 1 day interval on first successful review (grade 3) (1 ms)
    √ should set 6 day interval on second successful review (grade 3) (1 ms)
    √ should increase interval on third successful review (grade 3) (1 ms)
    √ should not let ef drop below 1.3
    √ should update next_review timestamp (1 ms)

(node:34308) ExperimentalWarning: VM Modules is an experimental feature and might change at any time
(Use `node --trace-warnings ...` to show where the warning was created)
(node:35244) ExperimentalWarning: VM Modules is an experimental feature and might change at any time
(Use `node --trace-warnings ...` to show where the warning was created)
PASS tests/unit/ai-tools.test.ts
  AIResponseParser
    √ should parse reasoning tags (8 ms)
    √ should parse tool call from json block (1 ms)
    √ should parse full response (1 ms)
    √ should remove tool call markers
  CardTools
    √ should create card (8 ms)
    √ should reject empty card
    √ should search cards (5 ms)
    √ should get card stats (4 ms)
    √ should execute known tools (4 ms)
    √ should reject unknown tools
    √ should parse tool call from AI response (1 ms)

(node:24628) ExperimentalWarning: VM Modules is an experimental feature and might change at any time
(Use `node --trace-warnings ...` to show where the warning was created)
(node:28624) ExperimentalWarning: VM Modules is an experimental feature and might change at any time
(Use `node --trace-warnings ...` to show where the warning was created)
PASS tests/unit/ai-config.test.ts
  AIConfig
    √ should create default config when file does not exist (15 ms)
    √ should persist and reload config (7 ms)
    √ should mask API keys in getMaskedConfig (3 ms)
    √ should validate SSRF for cloud providers (21 ms)
    √ should allow localhost for ollama (6 ms)
    √ should encrypt and decrypt API keys on save/load (9 ms)
    √ should normalize invalid parameters on load (3 ms)

  console.log
    2026-04-24 16:25:51 - ERROR - 解密 API Key 失败: TypeError: Invalid authentication tag length: 0

      at PapyrusLogger.log (src/utils/logger.ts:144:15)

PASS tests/unit/mcp-server.test.ts
  MCPServer
    √ should expose auth token (8 ms)
    √ should respond to health check (26 ms)
    √ should list tools (6 ms)
    √ should reject unauthorized call (3 ms)
    √ should execute card tool with valid auth (12 ms)
    √ should handle CORS preflight (5 ms)

  console.log
    2026-04-24 16:25:51 - ERROR - 解密 API Key 失败: Error: Unsupported state or unable to authenticate data

      at PapyrusLogger.log (src/utils/logger.ts:144:15)

  console.log
    2026-04-24 16:25:51 - ERROR - 解密 API Key 失败: TypeError: Invalid authentication tag length: 0

      at PapyrusLogger.log (src/utils/logger.ts:144:15)

  console.log
    2026-04-24 16:25:51 - ERROR - 解密 API Key 失败: Error: Unsupported state or unable to authenticate data

      at PapyrusLogger.log (src/utils/logger.ts:144:15)

(node:34000) ExperimentalWarning: VM Modules is an experimental feature and might change at any time
(Use `node --trace-warnings ...` to show where the warning was created)
PASS tests/unit/crypto.test.ts
  Crypto
    √ should encrypt and decrypt an API key (20 ms)
    √ should return empty string for invalid encrypted data (50 ms)
    √ should handle plain: prefix (1 ms)
    √ should return original string for non-encrypted data (1 ms)
    √ should handle empty string
    √ should produce different ciphertexts for same plaintext (2 ms)
    √ should handle special characters in API key (2 ms)
    √ should derive key from non-32-byte master key for backward compatibility (75 ms)
    √ should return empty string when decryption fails with corrupted auth tag (3 ms)
    √ should handle enc: prefix with invalid base64url (3 ms)
    √ should handle very long API key (1 ms)
    √ should return empty string when getCipherKey returns null during decrypt (4 ms)

(node:34640) ExperimentalWarning: VM Modules is an experimental feature and might change at any time
(Use `node --trace-warnings ...` to show where the warning was created)
PASS tests/unit/cards.test.ts
  Cards
    createCard
      √ should create a card with default values (36 ms)
      √ should create a card with tags (3 ms)
    updateCard
      √ should update card fields (4 ms)
      √ should return null for non-existent card (1 ms)
      √ should handle partial updates (2 ms)
    deleteCard
      √ should delete an existing card (2 ms)
      √ should return false for non-existent card (1 ms)
    getNextDueCard
      √ should return null when no cards are due
      √ should return a due card (1 ms)
      √ should not return future cards (3 ms)
    rateCard
      √ should update card with grade 3 (good) (3 ms)
      √ should reset card with grade 1 (again) (3 ms)
      √ should return null for non-existent card (2 ms)
      √ should increase interval on successive good reviews (3 ms)
    importCardsFromTxt
      √ should import cards from tab-separated text (3 ms)
      √ should skip invalid lines (3 ms)
      √ should return empty array for empty content (2 ms)
    getCardStats
      √ should return total count (1 ms)
      √ should reflect created cards (1 ms)

(node:32472) ExperimentalWarning: VM Modules is an experimental feature and might change at any time
(Use `node --trace-warnings ...` to show where the warning was created)
PASS tests/unit/notes.test.ts
  Notes
    computeWordCount
      √ should count Chinese characters (10 ms)
      √ should count English words (1 ms)
      √ should count mixed content
      √ should return 0 for empty string
      √ should handle punctuation only (1 ms)
    computeHash
      √ should produce consistent hash for same input
      √ should produce different hash for different input
      √ should return hex string up to 8 chars (1 ms)
    createNote
      √ should create a note with default values (31 ms)
      √ should trim title and use custom folder (1 ms)
      √ should fallback to default folder for empty string (1 ms)
      √ should trim and filter empty tags (1 ms)
      √ should extract headings from content (2 ms)
      √ should extract wiki links (1 ms)
      √ should generate preview (2 ms)
    updateNote
      √ should return null for non-existent note (1 ms)
      √ should update note title (2 ms)
      √ should update note content and derived fields (2 ms)
      √ should trim updated title (1 ms)
      √ should fallback to default folder for empty string (2 ms)
    searchNotes
      √ should find notes by title (12 ms)
      √ should find notes by content (2 ms)
      √ should find notes by tag (2 ms)
      √ should return empty array for no match (1 ms)
    getFolders
      √ should return unique folders (5 ms)
    getStats
      √ should return total count
    importObsidianVault
      √ should return zero for non-existent path (1 ms)
      √ should import markdown files from directory (7 ms)
      √ should handle nested directories (3 ms)

(node:23096) ExperimentalWarning: VM Modules is an experimental feature and might change at any time
(Use `node --trace-warnings ...` to show where the warning was created)
PASS tests/unit/ai-provider.test.ts
  AIManager
    sessions
      √ should create default session on init (13 ms)
      √ should create a new session and switch to it (3 ms)
      √ should create session without switching (2 ms)
      √ should switch between sessions (5 ms)
      √ should throw when switching to non-existent session (23 ms)
      √ should rename a session (3 ms)
      √ should fallback title when renaming to empty (3 ms)
      √ should throw when renaming non-existent session (1 ms)
      √ should delete a session (4 ms)
      √ should throw when deleting the last session (2 ms)
      √ should throw when deleting non-existent session (1 ms)
      √ should list sessions sorted by updated_at desc (4 ms)
      √ should clear history by creating new session (2 ms)
      √ should persist and reload sessions from file (3 ms)
    conversationHistory
      √ should get and set conversation history (2 ms)
      √ should handle null history (2 ms)
    attachments
      √ should validate empty attachments (1 ms)
      √ should throw when too many attachments (2 ms)
      √ should throw when file does not exist (2 ms)
      √ should throw for unsupported file type (1 ms)
      √ should throw for oversized file (7 ms)
      √ should accept valid image file (1 ms)
      √ should accept string paths (1 ms)
      √ should skip items without path (1 ms)
      √ should store attachments (3 ms)
      √ should resolve valid attachment path (2 ms)
      √ should reject path traversal
      √ should reject paths outside uploads dir (1 ms)
    message building
      √ should build simple user message without attachments (1 ms)
      √ should build openai message with image attachment (2 ms)
      √ should build openai message with txt attachment (2 ms)
      √ should build non-openai message with attachments (2 ms)
      √ should convert message to provider format without attachments (4 ms)
    safeReadTextFile
      √ should read text file contents (1 ms)
      √ should return empty string for missing file (1 ms)
      √ should respect max chars limit (2 ms)

  console.log
    2026-04-24 16:25:51 - INFO - 从数据库加载 158 张卡片

      at PapyrusLogger.log (src/utils/logger.ts:144:15)

  console.log
    2026-04-24 16:25:51 - INFO - 从数据库加载 51 条笔记

      at PapyrusLogger.log (src/utils/logger.ts:144:15)

  console.log
    2026-04-24 16:25:51 - INFO - 从数据库加载 51 条笔记

      at PapyrusLogger.log (src/utils/logger.ts:144:15)

PASS tests/integration/api.test.ts
  API Integration Tests
    √ GET /api/health should return ok (33 ms)
    √ POST /api/cards should create a card (5 ms)
    √ GET /api/cards should list cards (2 ms)
    √ POST /api/notes should create a note (6 ms)
    √ GET /api/search should search notes and cards (2 ms)
    √ POST /api/markdown/render should render markdown (3 ms)
    √ GET /api/config/ai should return masked config (1 ms)
    √ POST /api/tools/config should update tool config (1 ms)
    √ POST /api/tools/submit should auto-execute readonly tools (39 ms)
    √ POST /api/tools/parse should parse AI response (2 ms)
    √ GET /api/sessions should list sessions
    √ GET /api/mcp/health should return ok (1 ms)
    √ GET /api/mcp/notes should list notes (6 ms)
    √ POST /api/mcp/notes/search should search notes (2 ms)
    √ GET /api/review/next should return a card or empty (1 ms)
    √ GET /api/progress/streak should return streak data (2 ms)
    √ GET /api/progress/history should return history (1 ms)
    √ GET /api/progress/heatmap should return heatmap data (1 ms)
    √ POST /api/backup should create a backup (2 ms)
    √ POST /api/import should import JSON data (2 ms)
    √ GET /api/update/version should return version info (1 ms)
    √ GET /api/providers should list providers (1 ms)
    √ GET /api/config/logs/dir should return log files (1 ms)

(node:28620) ExperimentalWarning: VM Modules is an experimental feature and might change at any time
(Use `node --trace-warnings ...` to show where the warning was created)
PASS tests/unit/database.test.ts
  Database
    getDb / closeDb
      √ should recreate db after closeDb (42 ms)
    Cards
      √ should save and load all cards (32 ms)
      √ should insert and get card by id (32 ms)
      √ should update a card (31 ms)
      √ should return false when updating non-existent card (29 ms)
      √ should delete a card (29 ms)
      √ should return false when deleting non-existent card (23 ms)
      √ should get cards due before a timestamp (23 ms)
      √ should return correct card count (22 ms)
      √ should preserve tags through save/load (20 ms)
    Notes
      √ should save and load all notes (20 ms)
      √ should insert and get note by id (21 ms)
      √ should update a note (21 ms)
      √ should return false when updating non-existent note (18 ms)
      √ should delete a note (19 ms)
      √ should return false when deleting non-existent note (21 ms)
      √ should get notes by folder (22 ms)
      √ should return correct note count (17 ms)
      √ should return all folders (19 ms)
      √ should preserve headings and outgoing_links (18 ms)
    Providers
      √ should seed default providers on new db (18 ms)
      √ should save and load a custom provider (18 ms)
      √ should delete a provider (17 ms)
      √ should set default provider (18 ms)
      √ should update provider enabled status (18 ms)
    API Keys
      √ should save and delete an API key (21 ms)
    Models
      √ should save and delete a model (21 ms)
    Migration
      √ should migrate cards from JSON file (18 ms)
      √ should migrate notes from JSON file (18 ms)
      √ should handle missing migration files gracefully (19 ms)
    Utilities
      √ should checkpoint without error (18 ms)
      √ should commit successful transaction (17 ms)
      √ should rollback failed transaction (32 ms)

PASS tests/unit/file-watcher.test.ts
  FileWatcher
    √ should call callback on db file creation (529 ms)
    √ should call callback on db file modification (427 ms)
    √ should debounce rapid modifications (416 ms)
    √ should ignore non-db files (312 ms)
    √ should return singleton from getFileWatcher
    √ should report running state (1 ms)

------------------|---------|----------|---------|---------|--------------------------------------------------------------------------------------------------------------------------------------------
File              | % Stmts | % Branch | % Funcs | % Lines | Uncovered Line #s                                                                                                                          
------------------|---------|----------|---------|---------|--------------------------------------------------------------------------------------------------------------------------------------------
All files         |   60.99 |    48.51 |   71.31 |    61.9 |                                                                                                                                            
 ai               |    63.8 |    52.31 |   77.77 |   66.09 |                                                                                                                                            
  config.ts       |   83.89 |    70.83 |   79.16 |   86.04 | 94,238-239,252,258,271,280,284,343-365                                                                                                     
  provider.ts     |   56.43 |    47.26 |   72.72 |   59.15 | 119-120,146,207,211,330-331,341,350-353,362,374-375,384,395,405-606                                                                        
  tool-manager.ts |   67.44 |    44.11 |      85 |   73.97 | 28,39-40,105-106,115-126,149-152                                                                                                           
  tools.ts        |   57.55 |    45.53 |   77.27 |   58.59 | 45-49,54-58,73,146-191,269-276,278-284,290-294,296-300,304-309,320-331,364-366,422-426                                                     
 api              |   71.69 |    36.36 |   42.85 |   71.15 |                                                                                                                                            
  server.ts       |   71.69 |    36.36 |   42.85 |   71.15 | 20-21,29,42,81-94,102                                                                                                                      
 api/routes       |   36.58 |    26.44 |   50.47 |   36.81 |                                                                                                                                            
  ai.ts           |   16.72 |     3.14 |   29.16 |    17.2 | 76-112,117-170,176,180-182,187-344,354-356,360-365,370-376,381-386,392-443,449-451,477-479,487-505,514-522,530-536,544-551,586-597,606-610 
  cards.ts        |      35 |    33.33 |      50 |      35 | 16-17,25-31,35-42,46-59                                                                                                                    
  data.ts         |   85.29 |    70.45 |   83.33 |   85.29 | 28-30,88-89                                                                                                                                
  logs.ts         |      50 |       20 |   57.14 |   48.48 | 15-21,25-50,54-55                                                                                                                          
  markdown.ts     |      75 |        0 |     100 |      75 | 10-11                                                                                                                                      
  mcp.ts          |   38.66 |       28 |    37.5 |   38.35 | 20,51-57,61-69,73-82,86-92,118-119,131-134,152-182                                                                                         
  notes.ts        |    27.5 |    22.22 |   28.57 |    27.5 | 8-9,15-16,24-30,34-41,45-51,55-61                                                                                                          
  progress.ts     |   88.05 |    47.82 |   91.66 |   93.33 | 43-44,55-56                                                                                                                                
  providers.ts    |    22.8 |        0 |   16.66 |    22.8 | 22-36,40-43,47-53,57-59,63-66,70-73,77-80,84-86,90-93,97-99                                                                                
  review.ts       |      25 |        0 |   66.66 |      25 | 9-10,16-33                                                                                                                                 
  search.ts       |   89.47 |    83.33 |     100 |   89.47 | 8-9                                                                                                                                        
  update.ts       |   43.75 |        0 |   66.66 |   43.75 | 11-31                                                                                                                                      
 core             |    94.6 |    81.11 |      92 |   95.92 |                                                                                                                                            
  cards.ts        |     100 |    77.77 |     100 |     100 | 73,100-102                                                                                                                                 
  crypto.ts       |      90 |    56.25 |     100 |    92.3 | 38,43,60,65,88                                                                                                                             
  notes.ts        |   94.11 |    89.74 |   85.71 |    96.2 | 144,174,180                                                                                                                                
  progress.ts     |    90.9 |      100 |   83.33 |    90.9 | 37                                                                                                                                         
  sm2.ts          |     100 |     87.5 |     100 |     100 | 18,29                                                                                                                                      
 db               |   95.68 |     67.6 |     100 |   96.38 |                                                                                                                                            
  database.ts     |   95.68 |     67.6 |     100 |   96.38 | 181,192,240-241,408-409,682,695                                                                                                            
 integrations     |      76 |       55 |   76.92 |   86.04 |                                                                                                                                            
  file-watcher.ts |      76 |       55 |   76.92 |   86.04 | 41-42,78,86-88                                                                                                                             
 mcp              |   69.51 |    64.15 |      75 |   70.51 |                                                                                                                                            
  server.ts       |   69.51 |    64.15 |      75 |   70.51 | 15,47-48,98-99,115-116,120-121,131-132,143-144,162-183,192                                                                                 
 utils            |   40.64 |     46.8 |   52.94 |   40.84 |                                                                                                                                            
  logger.ts       |   38.66 |    43.18 |   51.51 |   38.68 | 44,98-102,105-106,118-124,157-202,216-218,223,231,239,247,269-343                                                                          
  paths.ts        |     100 |      100 |     100 |     100 |                                                                                                                                            
------------------|---------|----------|---------|---------|--------------------------------------------------------------------------------------------------------------------------------------------
Jest: "global" coverage threshold for statements (80%) not met: 60.99%
Jest: "global" coverage threshold for branches (80%) not met: 48.51%
Jest: "global" coverage threshold for lines (80%) not met: 61.9%
Jest: "global" coverage threshold for functions (80%) not met: 71.31%
Test Suites: 12 passed, 12 total
Tests:       196 passed, 196 total
Snapshots:   0 total
Time:        3.894 s
Ran all test suites.
